// Jest Snapshot v1, https://goo.gl/fbAQLP

exports[`App snapshot renders the loading screen 1`] = `null`;

exports[`App snapshot renders the root without loading screen 1`] = `
<View
  style={
    Object {
      "backgroundColor": "#fff",
      "flex": 1,
    }
  }
>
  <View
    style={
      Object {
        "flex": 1,
        "overflow": "hidden",
      }
    }
  >
    <View
      style={
        Object {
          "flex": 1,
        }
      }
    >
      <View
        collapsable={false}
        pointerEvents="auto"
        removeClippedSubviews={false}
        style={
          Array [
            Object {
              "flex": 1,
              "overflow": "hidden",
            },
            Object {
              "bottom": 0,
              "left": 0,
              "position": "absolute",
              "right": 0,
              "top": 0,
            },
            Object {
              "opacity": 1,
            },
          ]
        }
      >
        <View
          style={
            Object {
              "flex": 1,
            }
          }
        >
          <View
            onLayout={[Function]}
            style={
              Object {
                "flex": 1,
              }
            }
          >
            <View
              enabled={false}
              hitSlop={
                Object {
                  "right": 50,
                }
              }
              maxDeltaY={20}
              minOffsetX={5}
              onGestureEvent={[Function]}
              onHandlerStateChange={[Function]}
            >
              <View
                style={
                  Object {
                    "backgroundColor": "#eee",
                    "flex": 1,
                    "flexDirection": "column-reverse",
                    "overflow": "hidden",
                  }
                }
              >
                <View
                  style={
                    Object {
                      "flex": 1,
                    }
                  }
                >
                  <View
                    pointerEvents="auto"
                    style={
                      Object {
                        "bottom": 0,
                        "left": 0,
                        "opacity": 1,
                        "position": "absolute",
                        "right": 0,
                        "top": 0,
                        "transform": Array [
                          Object {
                            "translateX": 0,
                          },
                          Object {
                            "translateY": 0,
                          },
                        ],
                      }
                    }
                  >
                    <View
                      accessibilityElementsHidden={false}
                      style={
                        Object {
                          "backgroundColor": "#fff",
                          "flex": 1,
                        }
                      }
                    >
                      <View
                        style={
                          Object {
                            "backgroundColor": "#fff",
                            "flex": 1,
                          }
                        }
                      >
                        <View
                          style={
                            Object {
                              "alignItems": "center",
                              "backgroundColor": "#fbfbfb",
                              "bottom": 0,
                              "left": 0,
                              "paddingVertical": 20,
                              "position": "absolute",
                              "right": 0,
                              "shadowColor": "black",
                              "shadowOffset": Object {
                                "height": -3,
                              },
                              "shadowOpacity": 0.1,
                              "shadowRadius": 3,
                            }
                          }
                        >
                          <Text
                            style={
                              Object {
                                "color": "rgba(96,100,109, 1)",
                                "fontSize": 17,
                                "textAlign": "center",
                              }
                            }
                          >
                            This is a tab bar. You can edit it in:
                          </Text>
                          <View
                            style={
                              Array [
                                Object {
                                  "backgroundColor": "rgba(0,0,0,0.05)",
                                  "borderRadius": 3,
                                  "paddingHorizontal": 4,
                                },
                                Object {
                                  "marginTop": 5,
                                },
                              ]
                            }
                          >
                            <Text
                              style={
                                Array [
                                  Object {
                                    "color": "rgba(96,100,109, 0.8)",
                                  },
                                  Object {
                                    "fontFamily": "space-mono",
                                  },
                                ]
                              }
                            >
                              navigation/MainTabNavigator.js
                            </Text>
                          </View>
                        </View>
                      </View>
                    </View>
                  </View>
                </View>
                <View
                  onLayout={[Function]}
                  pointerEvents="box-none"
                  style={
                    Object {
                      "left": 0,
                      "position": "absolute",
                      "right": 0,
                      "top": 0,
                    }
                  }
                >
                  <View
                    style={
                      Object {
                        "backgroundColor": "#FFF",
                        "transform": Array [
                          Object {
                            "translateX": -750,
                          },
                        ],
                      }
                    }
                  >
                    <View
                      onLayout={[Function]}
                      pointerEvents="box-none"
                      style={
                        Object {
                          "backgroundColor": "#FFF",
                          "borderBottomColor": "#A7A7AA",
                          "borderBottomWidth": 0.5,
                          "height": 64,
                          "paddingBottom": 0,
                          "paddingLeft": 0,
                          "paddingRight": 0,
                          "paddingTop": 20,
                        }
                      }
                    >
                      <View
                        style={
                          Object {
                            "flex": 1,
                          }
                        }
                      />
                    </View>
                  </View>
                </View>
              </View>
            </View>
          </View>
        </View>
      </View>
    </View>
    <View
      onLayout={[Function]}
      pointerEvents="auto"
      style={
        Object {
          "bottom": 0,
          "elevation": 8,
          "left": 0,
          "right": 0,
        }
      }
    >
      <View
        onLayout={[Function]}
        pointerEvents="box-none"
        style={
          Object {
            "backgroundColor": "#fff",
            "borderTopColor": "rgba(0, 0, 0, .3)",
            "borderTopWidth": 0.5,
            "flexDirection": "row",
            "height": 49,
            "paddingBottom": 0,
            "paddingLeft": 0,
            "paddingRight": 0,
            "paddingTop": 0,
          }
        }
      >
        <View
          accessibilityLabel="Home, tab, 1 of 3"
          accessibilityRole="button"
          accessibilityStates={
            Array [
              "selected",
            ]
          }
          accessible={true}
          hitSlop={
            Object {
              "bottom": 5,
              "left": 15,
              "right": 15,
              "top": 0,
            }
          }
          onResponderGrant={[Function]}
          onResponderMove={[Function]}
          onResponderRelease={[Function]}
          onResponderTerminate={[Function]}
          onResponderTerminationRequest={[Function]}
          onStartShouldSetResponder={[Function]}
          style={
            Array [
              Object {
                "alignItems": "center",
                "flex": 1,
              },
              Object {
                "backgroundColor": "transparent",
              },
              Object {
                "flexDirection": "column",
                "justifyContent": "flex-end",
              },
              undefined,
            ]
          }
        >
          <View
            style={
              Array [
                Object {
                  "height": 29,
                },
                false,
                Object {
                  "flex": 1,
                },
              ]
            }
          >
            <View
              style={
                Object {
                  "alignItems": "center",
                  "alignSelf": "center",
                  "height": "100%",
                  "justifyContent": "center",
                  "minWidth": 25,
                  "opacity": 1,
                  "position": "absolute",
                  "width": "100%",
                }
              }
            >
              <Text />
            </View>
            <View
              style={
                Object {
                  "alignItems": "center",
                  "alignSelf": "center",
                  "height": "100%",
                  "justifyContent": "center",
                  "minWidth": 25,
                  "opacity": 0,
                  "position": "absolute",
                  "width": "100%",
                }
              }
            >
              <Text />
            </View>
          </View>
          <Text
            allowFontScaling={true}
            numberOfLines={1}
            style={
              Object {
                "backgroundColor": "transparent",
                "color": "#007AFF",
                "fontSize": 11,
                "marginBottom": 1.5,
                "textAlign": "center",
              }
            }
          >
            Home
          </Text>
        </View>
        <View
          accessibilityLabel="Links, tab, 2 of 3"
          accessibilityRole="button"
          accessibilityStates={Array []}
          accessible={true}
          hitSlop={
            Object {
              "bottom": 5,
              "left": 15,
              "right": 15,
              "top": 0,
            }
          }
          onResponderGrant={[Function]}
          onResponderMove={[Function]}
          onResponderRelease={[Function]}
          onResponderTerminate={[Function]}
          onResponderTerminationRequest={[Function]}
          onStartShouldSetResponder={[Function]}
          style={
            Array [
              Object {
                "alignItems": "center",
                "flex": 1,
              },
              Object {
                "backgroundColor": "transparent",
              },
              Object {
                "flexDirection": "column",
                "justifyContent": "flex-end",
              },
              undefined,
            ]
          }
        >
          <View
            style={
              Array [
                Object {
                  "height": 29,
                },
                false,
                Object {
                  "flex": 1,
                },
              ]
            }
          >
            <View
              style={
                Object {
                  "alignItems": "center",
                  "alignSelf": "center",
                  "height": "100%",
                  "justifyContent": "center",
                  "minWidth": 25,
                  "opacity": 0,
                  "position": "absolute",
                  "width": "100%",
                }
              }
            >
              <Text />
            </View>
            <View
              style={
                Object {
                  "alignItems": "center",
                  "alignSelf": "center",
                  "height": "100%",
                  "justifyContent": "center",
                  "minWidth": 25,
                  "opacity": 1,
                  "position": "absolute",
                  "width": "100%",
                }
              }
            >
              <Text />
            </View>
          </View>
          <Text
            allowFontScaling={true}
            numberOfLines={1}
            style={
              Object {
                "backgroundColor": "transparent",
                "color": "#8E8E93",
                "fontSize": 11,
                "marginBottom": 1.5,
                "textAlign": "center",
              }
            }
          >
            Links
          </Text>
        </View>
        <View
          accessibilityLabel="Settings, tab, 3 of 3"
          accessibilityRole="button"
          accessibilityStates={Array []}
          accessible={true}
          hitSlop={
            Object {
              "bottom": 5,
              "left": 15,
              "right": 15,
              "top": 0,
            }
          }
          onResponderGrant={[Function]}
          onResponderMove={[Function]}
          onResponderRelease={[Function]}
          onResponderTerminate={[Function]}
          onResponderTerminationRequest={[Function]}
          onStartShouldSetResponder={[Function]}
          style={
            Array [
              Object {
                "alignItems": "center",
                "flex": 1,
              },
              Object {
                "backgroundColor": "transparent",
              },
              Object {
                "flexDirection": "column",
                "justifyContent": "flex-end",
              },
              undefined,
            ]
          }
        >
          <View
            style={
              Array [
                Object {
                  "height": 29,
                },
                false,
                Object {
                  "flex": 1,
                },
              ]
            }
          >
            <View
              style={
                Object {
                  "alignItems": "center",
                  "alignSelf": "center",
                  "height": "100%",
                  "justifyContent": "center",
                  "minWidth": 25,
                  "opacity": 0,
                  "position": "absolute",
                  "width": "100%",
                }
              }
            >
              <Text />
            </View>
            <View
              style={
                Object {
                  "alignItems": "center",
                  "alignSelf": "center",
                  "height": "100%",
                  "justifyContent": "center",
                  "minWidth": 25,
                  "opacity": 1,
                  "position": "absolute",
                  "width": "100%",
                }
              }
            >
              <Text />
            </View>
          </View>
          <Text
            allowFontScaling={true}
            numberOfLines={1}
            style={
              Object {
                "backgroundColor": "transparent",
                "color": "#8E8E93",
                "fontSize": 11,
                "marginBottom": 1.5,
                "textAlign": "center",
              }
            }
          >
            Settings
          </Text>
        </View>
      </View>
    </View>
  </View>
</View>
`;
